2025-11-27 21:32:43,243 - INFO - Will watch for changes in these directories: ['C:\\Users\\Tiago\\Documents\\Squad25-Velo\\backend\\app']
2025-11-27 21:32:43,247 - INFO - Uvicorn running on http://127.0.0.1:8000 (Press CTRL+C to quit)
2025-11-27 21:32:43,247 - INFO - Started reloader process [3572] using WatchFiles
2025-11-27 21:32:47,094 - INFO - Started server process [8000]
2025-11-27 21:32:47,094 - INFO - Waiting for application startup.
2025-11-27 21:32:47,127 - INFO - Application startup complete.
2025-11-27 21:32:55,068 - INFO - HTTP Request: POST https://simec.mec.gov.br/painelObras/download.php "HTTP/1.1 200 OK"
2025-11-27 21:32:55,127 - INFO - 1 change detected
2025-11-27 21:32:55,486 - INFO - 1 change detected
2025-11-27 21:32:55,901 - INFO - 1 change detected
2025-11-27 21:32:56,303 - INFO - 1 change detected
2025-11-27 21:32:56,719 - INFO - 1 change detected
2025-11-27 21:32:57,128 - INFO - 1 change detected
2025-11-27 21:32:57,542 - INFO - 1 change detected
2025-11-27 21:32:57,952 - INFO - 1 change detected
2025-11-27 21:32:58,318 - INFO - 1 change detected
2025-11-27 21:32:58,743 - INFO - 1 change detected
2025-11-27 21:32:59,153 - INFO - 1 change detected
2025-11-27 21:32:59,568 - INFO - 1 change detected
2025-11-27 21:32:59,972 - INFO - 1 change detected
2025-11-27 21:33:00,373 - INFO - 1 change detected
2025-11-27 21:33:00,786 - INFO - 1 change detected
2025-11-27 21:33:01,152 - INFO - 1 change detected
2025-11-27 21:33:01,569 - INFO - 1 change detected
2025-11-27 21:33:01,936 - INFO - 1 change detected
2025-11-27 21:33:13,490 - INFO - Shutting down
2025-11-27 21:33:13,592 - INFO - Waiting for application shutdown.
2025-11-27 21:33:13,592 - INFO - Application shutdown complete.
2025-11-27 21:33:13,592 - INFO - Finished server process [8000]
2025-11-27 21:33:14,063 - INFO - Stopping reloader process [3572]
2025-11-27 21:34:49,011 - INFO - Will watch for changes in these directories: ['C:\\Users\\Tiago\\Documents\\Squad25-Velo\\backend\\app']
2025-11-27 21:34:49,011 - INFO - Uvicorn running on http://127.0.0.1:8000 (Press CTRL+C to quit)
2025-11-27 21:34:49,019 - INFO - Started reloader process [2600] using WatchFiles
2025-11-27 21:34:53,055 - INFO - Started server process [14736]
2025-11-27 21:34:53,063 - INFO - Waiting for application startup.
2025-11-27 21:34:53,087 - INFO - Application startup complete.
2025-11-27 21:41:07,678 - INFO - HTTP Request: POST https://simec.mec.gov.br/painelObras/download.php "HTTP/1.1 200 OK"
2025-11-27 21:41:07,762 - INFO - 1 change detected
2025-11-27 21:41:08,125 - INFO - 1 change detected
2025-11-27 21:41:08,529 - INFO - 1 change detected
2025-11-27 21:41:08,939 - INFO - 1 change detected
2025-11-27 21:41:09,301 - INFO - 1 change detected
2025-11-27 21:41:09,703 - INFO - 1 change detected
2025-11-27 21:41:10,110 - INFO - 1 change detected
2025-11-27 21:41:10,525 - INFO - 1 change detected
2025-11-27 21:41:10,942 - INFO - 1 change detected
2025-11-27 21:41:11,359 - INFO - 1 change detected
2025-11-27 21:41:11,776 - INFO - 1 change detected
2025-11-27 21:41:12,142 - INFO - 1 change detected
2025-11-27 21:41:12,558 - INFO - 1 change detected
2025-11-27 21:41:12,909 - INFO - HTTP Request: POST https://simec.mec.gov.br/painelObras/download.php "HTTP/1.1 200 OK"
2025-11-27 21:41:12,974 - INFO - 2 changes detected
2025-11-27 21:41:13,427 - INFO - 1 change detected
2025-11-27 21:41:13,791 - INFO - 1 change detected
2025-11-27 21:41:14,208 - INFO - 1 change detected
2025-11-27 21:41:21,248 - INFO - 1 change detected
2025-11-27 21:42:07,746 - INFO - 1 change detected
2025-11-27 21:42:07,746 - WARNING - WatchFiles detected changes in 'routers\simec.py'. Reloading...
2025-11-27 21:42:07,834 - INFO - Shutting down
2025-11-27 21:42:07,939 - INFO - Waiting for application shutdown.
2025-11-27 21:42:07,939 - INFO - Application shutdown complete.
2025-11-27 21:42:07,939 - INFO - Finished server process [14736]
2025-11-27 21:42:08,769 - INFO - 1 change detected
2025-11-27 21:42:11,279 - INFO - 5 changes detected
2025-11-27 21:42:12,699 - INFO - Started server process [12984]
2025-11-27 21:42:12,699 - INFO - Waiting for application startup.
2025-11-27 21:42:12,726 - INFO - Application startup complete.
2025-11-27 21:49:12,949 - INFO - HTTP Request: POST https://simec.mec.gov.br/painelObras/download.php "HTTP/1.1 200 OK"
2025-11-27 21:49:13,039 - INFO - 1 change detected
2025-11-27 21:49:13,399 - INFO - 1 change detected
2025-11-27 21:49:13,803 - INFO - 1 change detected
2025-11-27 21:49:14,205 - INFO - 1 change detected
2025-11-27 21:49:14,622 - INFO - 1 change detected
2025-11-27 21:49:14,998 - INFO - 1 change detected
2025-11-27 21:49:15,401 - INFO - 1 change detected
2025-11-27 21:49:15,807 - INFO - 1 change detected
2025-11-27 21:49:16,231 - INFO - 1 change detected
2025-11-27 21:49:16,634 - INFO - 1 change detected
2025-11-27 21:51:16,025 - INFO - 1 change detected
2025-11-27 21:51:16,025 - WARNING - WatchFiles detected changes in 'services\simec_serv.py'. Reloading...
2025-11-27 21:51:16,108 - INFO - Shutting down
2025-11-27 21:51:16,213 - INFO - Waiting for application shutdown.
2025-11-27 21:51:16,213 - INFO - Application shutdown complete.
2025-11-27 21:51:16,213 - INFO - Finished server process [12984]
2025-11-27 21:51:17,067 - INFO - 1 change detected
2025-11-27 21:51:19,671 - INFO - 5 changes detected
2025-11-27 21:51:21,113 - INFO - Started server process [9600]
2025-11-27 21:51:21,118 - INFO - Waiting for application startup.
2025-11-27 21:51:21,145 - INFO - Application startup complete.
2025-11-27 21:51:25,323 - INFO - HTTP Request: POST https://simec.mec.gov.br/painelObras/download.php "HTTP/1.1 200 OK"
2025-11-27 21:51:25,402 - INFO - 1 change detected
2025-11-27 21:52:40,269 - INFO - 1 change detected
2025-11-27 21:52:40,269 - WARNING - WatchFiles detected changes in 'services\simec_serv.py'. Reloading...
2025-11-27 21:52:40,334 - INFO - Shutting down
2025-11-27 21:52:40,441 - INFO - Waiting for application shutdown.
2025-11-27 21:52:40,441 - INFO - Application shutdown complete.
2025-11-27 21:52:40,441 - INFO - Finished server process [9600]
2025-11-27 21:52:41,286 - INFO - 1 change detected
2025-11-27 21:52:44,051 - INFO - 5 changes detected
2025-11-27 21:52:45,320 - INFO - Started server process [12252]
2025-11-27 21:52:45,324 - INFO - Waiting for application startup.
2025-11-27 21:52:45,347 - INFO - Application startup complete.
2025-11-27 21:52:47,072 - INFO - HTTP Request: POST https://simec.mec.gov.br/painelObras/download.php "HTTP/1.1 200 OK"
2025-11-27 21:52:47,155 - INFO - 1 change detected
2025-11-27 21:52:47,509 - INFO - 1 change detected
2025-11-27 21:52:47,919 - INFO - 1 change detected
2025-11-27 21:52:48,293 - INFO - 1 change detected
2025-11-27 21:52:48,702 - INFO - 1 change detected
2025-11-27 21:52:49,119 - INFO - 1 change detected
2025-11-27 21:52:49,528 - INFO - 1 change detected
2025-11-27 21:52:49,902 - INFO - 1 change detected
2025-11-27 21:52:50,319 - INFO - 1 change detected
2025-11-27 21:52:50,686 - INFO - 1 change detected
2025-11-27 21:52:54,953 - INFO - HTTP Request: POST https://simec.mec.gov.br/painelObras/download.php "HTTP/1.1 200 OK"
2025-11-27 21:52:55,032 - INFO - 1 change detected
2025-11-27 21:52:55,396 - INFO - 1 change detected
2025-11-27 21:52:55,805 - INFO - 1 change detected
2025-11-27 21:52:56,215 - INFO - 1 change detected
2025-11-27 21:52:56,635 - INFO - 1 change detected
2025-11-27 21:52:57,037 - INFO - 1 change detected
2025-11-27 21:52:57,452 - INFO - 1 change detected
2025-11-27 21:52:57,854 - INFO - 1 change detected
2025-11-27 21:52:58,271 - INFO - 1 change detected
2025-11-27 21:52:58,635 - INFO - 1 change detected
2025-11-27 21:52:59,003 - INFO - 1 change detected
2025-11-27 22:09:30,453 - INFO - 1 change detected
2025-11-27 22:09:30,454 - WARNING - WatchFiles detected changes in 'routers\censo.py'. Reloading...
2025-11-27 22:09:30,562 - INFO - Shutting down
2025-11-27 22:09:30,662 - INFO - Waiting for application shutdown.
2025-11-27 22:09:30,662 - INFO - Application shutdown complete.
2025-11-27 22:09:30,662 - INFO - Finished server process [12252]
